=== BUILD-RETEST ===
- Using dynamic import() to code-split the application
- Use build.rollupOptions.output.manualChunks to improve chunking: https://rollupjs.org/configuration-options/#output-manualchunks
- Adjust chunk size limit for this warning via build.chunkSizeWarningLimit.[39m
[32m✓ built in 2.62s[39m
build: recorded 200 client artifact(s) with 1 public value(s)
rc=0
=== FAMILIES-SPEC ===

[2m Test Files [22m [1m[32m1 passed[39m[22m[90m (1)[39m
[2m      Tests [22m [1m[32m25 passed[39m[22m[90m (25)[39m
[2m   Start at [22m 11:09:51
[2m   Duration [22m 496ms[2m (transform 265ms, setup 250ms, import 66ms, tests 55ms, environment 0ms)[22m

rc=0
=== RESCOPE ===
  stdout: '',
  stderr: 'fatal: not a git repository (or any of the parent directories): .git\n'
}

Node.js v24.20.0
[ELIFECYCLE] Command failed with exit code 1.
rc=0
=== PUBLINT ===
Running publint for packages/workflow/tool-workflow...
pkg.exports["./src/*"] is ./src/* but does not match any files.
Running publint for packages/workflow/workflow-worker-thread...
pkg.exports["./src/*"] is ./src/* but does not match any files.
Running publint for packages/workflow/workflow...
pkg.exports["./src/*"] is ./src/* but does not match any files.
Running publint for packages/workspace/workspace...
pkg.exports["./src/*"] is ./src/* but does not match any files.
rc=0
=== BUILT-INVARIANTS ===
$ node scripts/verify-built-package-invariants.mjs
verify-built-package-invariants: 227 compiled companion(s) passed plain-Node Loader checks.
rc=0
